node.exe : (node:19920) ExperimentalWarning: CommonJS module C:\Program 
Files\nodejs\node_modules\npm\node_modules\debug\src\node.js is loading ES 
Module C:\Program 
Files\nodejs\node_modules\npm\node_modules\supports-color\index.js using 
require().
At C:\Program Files\nodejs\npx.ps1:29 char:3
+   & $NODE_EXE $NPX_CLI_JS $args
+   ~~~~~~~~~~~~~~~~~~~~~~~~~~~~~
    + CategoryInfo          : NotSpecified: ((node:19920) Ex...sing require(). 
   :String) [], RemoteException
    + FullyQualifiedErrorId : NativeCommandError
 
Support for loading ES Module in require() is an experimental feature and 
might change at any time
(Use `node --trace-warnings ...` to show where the warning was created)
